// Jest Snapshot v1, https://goo.gl/fbAQLP

exports[`Should render EditExpensePage 1`] = `
<div>
  <ExpenseForm
    expense={
      Object {
        "amount": 50000,
        "createdAt": -345600000,
        "description": "Rent",
        "id": "1",
        "note": "December Rent",
      }
    }
    onSubmit={[Function]}
  />
  <button
    onClick={[Function]}
  >
    Remove
  </button>
</div>
`;
